// Jest Snapshot v1, https://goo.gl/fbAQLP

exports[`snapshot 1`] = `
{
  "Parameters": {
    "BootstrapVersion": {
      "Default": "/cdk-bootstrap/hnb659fds/version",
      "Description": "Version of the CDK Bootstrap resources in this environment, automatically retrieved from SSM Parameter Store. [cdk:skip]",
      "Type": "AWS::SSM::Parameter::Value<String>",
    },
  },
  "Resources": {
    "continuouslearningio958564E7": {
      "Properties": {
        "HostedZoneConfig": {
          "Comment": "Continuous Learning",
        },
        "Name": "continuouslearning.io.",
      },
      "Type": "AWS::Route53::HostedZone",
    },
    "continuouslearningtrainingFA0E3C42": {
      "Properties": {
        "HostedZoneConfig": {
          "Comment": "Continuous Learning",
        },
        "Name": "continuouslearning.training.",
      },
      "Type": "AWS::Route53::HostedZone",
    },
    "golluccicom425C70D7": {
      "Properties": {
        "HostedZoneConfig": {
          "Comment": "Family",
        },
        "Name": "gollucci.com.",
      },
      "Type": "AWS::Route53::HostedZone",
    },
    "gollucciinfo409C0781": {
      "Properties": {
        "HostedZoneConfig": {
          "Comment": "Me",
        },
        "Name": "gollucci.info.",
      },
      "Type": "AWS::Route53::HostedZone",
    },
    "gollucciio6E4C2D3E": {
      "Properties": {
        "HostedZoneConfig": {
          "Comment": "Me",
        },
        "Name": "gollucci.io.",
      },
      "Type": "AWS::Route53::HostedZone",
    },
    "golluccius2D27AA75": {
      "Properties": {
        "HostedZoneConfig": {
          "Comment": "Me",
        },
        "Name": "gollucci.us.",
      },
      "Type": "AWS::Route53::HostedZone",
    },
    "p6m7g8net6D1C1FBA": {
      "Properties": {
        "HostedZoneConfig": {
          "Comment": "Infrastructure",
        },
        "Name": "p6m7g8.net.",
      },
      "Type": "AWS::Route53::HostedZone",
    },
    "p6m7g8orgBC71BCC8": {
      "Properties": {
        "HostedZoneConfig": {
          "Comment": "Open Source",
        },
        "Name": "p6m7g8.org.",
      },
      "Type": "AWS::Route53::HostedZone",
    },
  },
  "Rules": {
    "CheckBootstrapVersion": {
      "Assertions": [
        {
          "Assert": {
            "Fn::Not": [
              {
                "Fn::Contains": [
                  [
                    "1",
                    "2",
                    "3",
                    "4",
                    "5",
                  ],
                  {
                    "Ref": "BootstrapVersion",
                  },
                ],
              },
            ],
          },
          "AssertDescription": "CDK bootstrap stack version 6 required. Please run 'cdk bootstrap' with a recent version of the CDK CLI.",
        },
      ],
    },
  },
}
`;
